 
****************************************
check_design summary:
Version:     R-2020.09-SP4
Date:        Thu Dec  8 14:22:30 2022
****************************************

                   Name                                            Total
--------------------------------------------------------------------------------
Cells                                                             275
    Hier pins without driver and load (LINT-60)                   275
--------------------------------------------------------------------------------

Warning: In design 'mp4', input pin 'cntrl_word_in[cmpmux2_sel][1]' of hierarchical cell 'ID_EX' has no internal loads and is not connected to any nets. (LINT-60)
Warning: In design 'mp4', input pin 'cntrl_word_in[alumux1_sel][1]' of hierarchical cell 'ID_EX' has no internal loads and is not connected to any nets. (LINT-60)
Warning: In design 'mp4', input pin 'cntrl_word_in[opcode][6]' of hierarchical cell 'ID_EX' has no internal loads and is not connected to any nets. (LINT-60)
Warning: In design 'mp4', input pin 'cntrl_word_in[opcode][5]' of hierarchical cell 'ID_EX' has no internal loads and is not connected to any nets. (LINT-60)
Warning: In design 'mp4', input pin 'cntrl_word_in[opcode][4]' of hierarchical cell 'ID_EX' has no internal loads and is not connected to any nets. (LINT-60)
Warning: In design 'mp4', input pin 'cntrl_word_in[opcode][3]' of hierarchical cell 'ID_EX' has no internal loads and is not connected to any nets. (LINT-60)
Warning: In design 'mp4', input pin 'cntrl_word_in[opcode][2]' of hierarchical cell 'ID_EX' has no internal loads and is not connected to any nets. (LINT-60)
Warning: In design 'mp4', input pin 'cntrl_word_in[opcode][1]' of hierarchical cell 'ID_EX' has no internal loads and is not connected to any nets. (LINT-60)
Warning: In design 'mp4', input pin 'cntrl_word_in[opcode][0]' of hierarchical cell 'ID_EX' has no internal loads and is not connected to any nets. (LINT-60)
Warning: In design 'mp4', input pin 'i_imm_in[31]' of hierarchical cell 'ID_EX' has no internal loads and is not connected to any nets. (LINT-60)
Warning: In design 'mp4', input pin 'i_imm_in[30]' of hierarchical cell 'ID_EX' has no internal loads and is not connected to any nets. (LINT-60)
Warning: In design 'mp4', input pin 'i_imm_in[29]' of hierarchical cell 'ID_EX' has no internal loads and is not connected to any nets. (LINT-60)
Warning: In design 'mp4', input pin 'i_imm_in[28]' of hierarchical cell 'ID_EX' has no internal loads and is not connected to any nets. (LINT-60)
Warning: In design 'mp4', input pin 'i_imm_in[27]' of hierarchical cell 'ID_EX' has no internal loads and is not connected to any nets. (LINT-60)
Warning: In design 'mp4', input pin 'i_imm_in[26]' of hierarchical cell 'ID_EX' has no internal loads and is not connected to any nets. (LINT-60)
Warning: In design 'mp4', input pin 'i_imm_in[25]' of hierarchical cell 'ID_EX' has no internal loads and is not connected to any nets. (LINT-60)
Warning: In design 'mp4', input pin 'i_imm_in[24]' of hierarchical cell 'ID_EX' has no internal loads and is not connected to any nets. (LINT-60)
Warning: In design 'mp4', input pin 'i_imm_in[23]' of hierarchical cell 'ID_EX' has no internal loads and is not connected to any nets. (LINT-60)
Warning: In design 'mp4', input pin 'i_imm_in[22]' of hierarchical cell 'ID_EX' has no internal loads and is not connected to any nets. (LINT-60)
Warning: In design 'mp4', input pin 'i_imm_in[21]' of hierarchical cell 'ID_EX' has no internal loads and is not connected to any nets. (LINT-60)
Warning: In design 'mp4', input pin 'i_imm_in[20]' of hierarchical cell 'ID_EX' has no internal loads and is not connected to any nets. (LINT-60)
Warning: In design 'mp4', input pin 'i_imm_in[19]' of hierarchical cell 'ID_EX' has no internal loads and is not connected to any nets. (LINT-60)
Warning: In design 'mp4', input pin 'i_imm_in[18]' of hierarchical cell 'ID_EX' has no internal loads and is not connected to any nets. (LINT-60)
Warning: In design 'mp4', input pin 'i_imm_in[17]' of hierarchical cell 'ID_EX' has no internal loads and is not connected to any nets. (LINT-60)
Warning: In design 'mp4', input pin 'i_imm_in[16]' of hierarchical cell 'ID_EX' has no internal loads and is not connected to any nets. (LINT-60)
Warning: In design 'mp4', input pin 'i_imm_in[15]' of hierarchical cell 'ID_EX' has no internal loads and is not connected to any nets. (LINT-60)
Warning: In design 'mp4', input pin 'i_imm_in[14]' of hierarchical cell 'ID_EX' has no internal loads and is not connected to any nets. (LINT-60)
Warning: In design 'mp4', input pin 'i_imm_in[13]' of hierarchical cell 'ID_EX' has no internal loads and is not connected to any nets. (LINT-60)
Warning: In design 'mp4', input pin 'i_imm_in[12]' of hierarchical cell 'ID_EX' has no internal loads and is not connected to any nets. (LINT-60)
Warning: In design 'mp4', input pin 'i_imm_in[11]' of hierarchical cell 'ID_EX' has no internal loads and is not connected to any nets. (LINT-60)
Warning: In design 'mp4', input pin 'i_imm_in[10]' of hierarchical cell 'ID_EX' has no internal loads and is not connected to any nets. (LINT-60)
Warning: In design 'mp4', input pin 'i_imm_in[9]' of hierarchical cell 'ID_EX' has no internal loads and is not connected to any nets. (LINT-60)
Warning: In design 'mp4', input pin 'i_imm_in[8]' of hierarchical cell 'ID_EX' has no internal loads and is not connected to any nets. (LINT-60)
Warning: In design 'mp4', input pin 'i_imm_in[7]' of hierarchical cell 'ID_EX' has no internal loads and is not connected to any nets. (LINT-60)
Warning: In design 'mp4', input pin 'i_imm_in[6]' of hierarchical cell 'ID_EX' has no internal loads and is not connected to any nets. (LINT-60)
Warning: In design 'mp4', input pin 'i_imm_in[5]' of hierarchical cell 'ID_EX' has no internal loads and is not connected to any nets. (LINT-60)
Warning: In design 'mp4', input pin 'i_imm_in[4]' of hierarchical cell 'ID_EX' has no internal loads and is not connected to any nets. (LINT-60)
Warning: In design 'mp4', input pin 'i_imm_in[3]' of hierarchical cell 'ID_EX' has no internal loads and is not connected to any nets. (LINT-60)
Warning: In design 'mp4', input pin 'i_imm_in[2]' of hierarchical cell 'ID_EX' has no internal loads and is not connected to any nets. (LINT-60)
Warning: In design 'mp4', input pin 'i_imm_in[1]' of hierarchical cell 'ID_EX' has no internal loads and is not connected to any nets. (LINT-60)
Warning: In design 'mp4', input pin 'i_imm_in[0]' of hierarchical cell 'ID_EX' has no internal loads and is not connected to any nets. (LINT-60)
Warning: In design 'mp4', input pin 's_imm_in[31]' of hierarchical cell 'ID_EX' has no internal loads and is not connected to any nets. (LINT-60)
Warning: In design 'mp4', input pin 's_imm_in[30]' of hierarchical cell 'ID_EX' has no internal loads and is not connected to any nets. (LINT-60)
Warning: In design 'mp4', input pin 's_imm_in[29]' of hierarchical cell 'ID_EX' has no internal loads and is not connected to any nets. (LINT-60)
Warning: In design 'mp4', input pin 's_imm_in[28]' of hierarchical cell 'ID_EX' has no internal loads and is not connected to any nets. (LINT-60)
Warning: In design 'mp4', input pin 's_imm_in[27]' of hierarchical cell 'ID_EX' has no internal loads and is not connected to any nets. (LINT-60)
Warning: In design 'mp4', input pin 's_imm_in[26]' of hierarchical cell 'ID_EX' has no internal loads and is not connected to any nets. (LINT-60)
Warning: In design 'mp4', input pin 's_imm_in[25]' of hierarchical cell 'ID_EX' has no internal loads and is not connected to any nets. (LINT-60)
Warning: In design 'mp4', input pin 's_imm_in[24]' of hierarchical cell 'ID_EX' has no internal loads and is not connected to any nets. (LINT-60)
Warning: In design 'mp4', input pin 's_imm_in[23]' of hierarchical cell 'ID_EX' has no internal loads and is not connected to any nets. (LINT-60)
Warning: In design 'mp4', input pin 's_imm_in[22]' of hierarchical cell 'ID_EX' has no internal loads and is not connected to any nets. (LINT-60)
Warning: In design 'mp4', input pin 's_imm_in[21]' of hierarchical cell 'ID_EX' has no internal loads and is not connected to any nets. (LINT-60)
Warning: In design 'mp4', input pin 's_imm_in[20]' of hierarchical cell 'ID_EX' has no internal loads and is not connected to any nets. (LINT-60)
Warning: In design 'mp4', input pin 's_imm_in[19]' of hierarchical cell 'ID_EX' has no internal loads and is not connected to any nets. (LINT-60)
Warning: In design 'mp4', input pin 's_imm_in[18]' of hierarchical cell 'ID_EX' has no internal loads and is not connected to any nets. (LINT-60)
Warning: In design 'mp4', input pin 's_imm_in[17]' of hierarchical cell 'ID_EX' has no internal loads and is not connected to any nets. (LINT-60)
Warning: In design 'mp4', input pin 's_imm_in[16]' of hierarchical cell 'ID_EX' has no internal loads and is not connected to any nets. (LINT-60)
Warning: In design 'mp4', input pin 's_imm_in[15]' of hierarchical cell 'ID_EX' has no internal loads and is not connected to any nets. (LINT-60)
Warning: In design 'mp4', input pin 's_imm_in[14]' of hierarchical cell 'ID_EX' has no internal loads and is not connected to any nets. (LINT-60)
Warning: In design 'mp4', input pin 's_imm_in[13]' of hierarchical cell 'ID_EX' has no internal loads and is not connected to any nets. (LINT-60)
Warning: In design 'mp4', input pin 's_imm_in[12]' of hierarchical cell 'ID_EX' has no internal loads and is not connected to any nets. (LINT-60)
Warning: In design 'mp4', input pin 's_imm_in[11]' of hierarchical cell 'ID_EX' has no internal loads and is not connected to any nets. (LINT-60)
Warning: In design 'mp4', input pin 's_imm_in[10]' of hierarchical cell 'ID_EX' has no internal loads and is not connected to any nets. (LINT-60)
Warning: In design 'mp4', input pin 's_imm_in[9]' of hierarchical cell 'ID_EX' has no internal loads and is not connected to any nets. (LINT-60)
Warning: In design 'mp4', input pin 's_imm_in[8]' of hierarchical cell 'ID_EX' has no internal loads and is not connected to any nets. (LINT-60)
Warning: In design 'mp4', input pin 's_imm_in[7]' of hierarchical cell 'ID_EX' has no internal loads and is not connected to any nets. (LINT-60)
Warning: In design 'mp4', input pin 's_imm_in[6]' of hierarchical cell 'ID_EX' has no internal loads and is not connected to any nets. (LINT-60)
Warning: In design 'mp4', input pin 's_imm_in[5]' of hierarchical cell 'ID_EX' has no internal loads and is not connected to any nets. (LINT-60)
Warning: In design 'mp4', input pin 's_imm_in[4]' of hierarchical cell 'ID_EX' has no internal loads and is not connected to any nets. (LINT-60)
Warning: In design 'mp4', input pin 's_imm_in[3]' of hierarchical cell 'ID_EX' has no internal loads and is not connected to any nets. (LINT-60)
Warning: In design 'mp4', input pin 's_imm_in[2]' of hierarchical cell 'ID_EX' has no internal loads and is not connected to any nets. (LINT-60)
Warning: In design 'mp4', input pin 's_imm_in[1]' of hierarchical cell 'ID_EX' has no internal loads and is not connected to any nets. (LINT-60)
Warning: In design 'mp4', input pin 's_imm_in[0]' of hierarchical cell 'ID_EX' has no internal loads and is not connected to any nets. (LINT-60)
Warning: In design 'mp4', input pin 'b_imm_in[31]' of hierarchical cell 'ID_EX' has no internal loads and is not connected to any nets. (LINT-60)
Warning: In design 'mp4', input pin 'b_imm_in[30]' of hierarchical cell 'ID_EX' has no internal loads and is not connected to any nets. (LINT-60)
Warning: In design 'mp4', input pin 'b_imm_in[29]' of hierarchical cell 'ID_EX' has no internal loads and is not connected to any nets. (LINT-60)
Warning: In design 'mp4', input pin 'b_imm_in[28]' of hierarchical cell 'ID_EX' has no internal loads and is not connected to any nets. (LINT-60)
Warning: In design 'mp4', input pin 'b_imm_in[27]' of hierarchical cell 'ID_EX' has no internal loads and is not connected to any nets. (LINT-60)
Warning: In design 'mp4', input pin 'b_imm_in[26]' of hierarchical cell 'ID_EX' has no internal loads and is not connected to any nets. (LINT-60)
Warning: In design 'mp4', input pin 'b_imm_in[25]' of hierarchical cell 'ID_EX' has no internal loads and is not connected to any nets. (LINT-60)
Warning: In design 'mp4', input pin 'b_imm_in[24]' of hierarchical cell 'ID_EX' has no internal loads and is not connected to any nets. (LINT-60)
Warning: In design 'mp4', input pin 'b_imm_in[23]' of hierarchical cell 'ID_EX' has no internal loads and is not connected to any nets. (LINT-60)
Warning: In design 'mp4', input pin 'b_imm_in[22]' of hierarchical cell 'ID_EX' has no internal loads and is not connected to any nets. (LINT-60)
Warning: In design 'mp4', input pin 'b_imm_in[21]' of hierarchical cell 'ID_EX' has no internal loads and is not connected to any nets. (LINT-60)
Warning: In design 'mp4', input pin 'b_imm_in[20]' of hierarchical cell 'ID_EX' has no internal loads and is not connected to any nets. (LINT-60)
Warning: In design 'mp4', input pin 'b_imm_in[19]' of hierarchical cell 'ID_EX' has no internal loads and is not connected to any nets. (LINT-60)
Warning: In design 'mp4', input pin 'b_imm_in[18]' of hierarchical cell 'ID_EX' has no internal loads and is not connected to any nets. (LINT-60)
Warning: In design 'mp4', input pin 'b_imm_in[17]' of hierarchical cell 'ID_EX' has no internal loads and is not connected to any nets. (LINT-60)
Warning: In design 'mp4', input pin 'b_imm_in[16]' of hierarchical cell 'ID_EX' has no internal loads and is not connected to any nets. (LINT-60)
Warning: In design 'mp4', input pin 'b_imm_in[15]' of hierarchical cell 'ID_EX' has no internal loads and is not connected to any nets. (LINT-60)
Warning: In design 'mp4', input pin 'b_imm_in[14]' of hierarchical cell 'ID_EX' has no internal loads and is not connected to any nets. (LINT-60)
Warning: In design 'mp4', input pin 'b_imm_in[13]' of hierarchical cell 'ID_EX' has no internal loads and is not connected to any nets. (LINT-60)
Warning: In design 'mp4', input pin 'b_imm_in[12]' of hierarchical cell 'ID_EX' has no internal loads and is not connected to any nets. (LINT-60)
Warning: In design 'mp4', input pin 'b_imm_in[10]' of hierarchical cell 'ID_EX' has no internal loads and is not connected to any nets. (LINT-60)
Warning: In design 'mp4', input pin 'b_imm_in[9]' of hierarchical cell 'ID_EX' has no internal loads and is not connected to any nets. (LINT-60)
Warning: In design 'mp4', input pin 'b_imm_in[8]' of hierarchical cell 'ID_EX' has no internal loads and is not connected to any nets. (LINT-60)
Warning: In design 'mp4', input pin 'b_imm_in[7]' of hierarchical cell 'ID_EX' has no internal loads and is not connected to any nets. (LINT-60)
Warning: In design 'mp4', input pin 'b_imm_in[6]' of hierarchical cell 'ID_EX' has no internal loads and is not connected to any nets. (LINT-60)
Warning: In design 'mp4', input pin 'b_imm_in[5]' of hierarchical cell 'ID_EX' has no internal loads and is not connected to any nets. (LINT-60)
Warning: In design 'mp4', input pin 'u_imm_in[31]' of hierarchical cell 'ID_EX' has no internal loads and is not connected to any nets. (LINT-60)
Warning: In design 'mp4', input pin 'u_imm_in[30]' of hierarchical cell 'ID_EX' has no internal loads and is not connected to any nets. (LINT-60)
Warning: In design 'mp4', input pin 'u_imm_in[29]' of hierarchical cell 'ID_EX' has no internal loads and is not connected to any nets. (LINT-60)
Warning: In design 'mp4', input pin 'u_imm_in[28]' of hierarchical cell 'ID_EX' has no internal loads and is not connected to any nets. (LINT-60)
Warning: In design 'mp4', input pin 'u_imm_in[27]' of hierarchical cell 'ID_EX' has no internal loads and is not connected to any nets. (LINT-60)
Warning: In design 'mp4', input pin 'u_imm_in[26]' of hierarchical cell 'ID_EX' has no internal loads and is not connected to any nets. (LINT-60)
Warning: In design 'mp4', input pin 'u_imm_in[25]' of hierarchical cell 'ID_EX' has no internal loads and is not connected to any nets. (LINT-60)
Warning: In design 'mp4', input pin 'u_imm_in[24]' of hierarchical cell 'ID_EX' has no internal loads and is not connected to any nets. (LINT-60)
Warning: In design 'mp4', input pin 'u_imm_in[23]' of hierarchical cell 'ID_EX' has no internal loads and is not connected to any nets. (LINT-60)
Warning: In design 'mp4', input pin 'u_imm_in[22]' of hierarchical cell 'ID_EX' has no internal loads and is not connected to any nets. (LINT-60)
Warning: In design 'mp4', input pin 'u_imm_in[21]' of hierarchical cell 'ID_EX' has no internal loads and is not connected to any nets. (LINT-60)
Warning: In design 'mp4', input pin 'u_imm_in[20]' of hierarchical cell 'ID_EX' has no internal loads and is not connected to any nets. (LINT-60)
Warning: In design 'mp4', input pin 'u_imm_in[19]' of hierarchical cell 'ID_EX' has no internal loads and is not connected to any nets. (LINT-60)
Warning: In design 'mp4', input pin 'u_imm_in[18]' of hierarchical cell 'ID_EX' has no internal loads and is not connected to any nets. (LINT-60)
Warning: In design 'mp4', input pin 'u_imm_in[17]' of hierarchical cell 'ID_EX' has no internal loads and is not connected to any nets. (LINT-60)
Warning: In design 'mp4', input pin 'u_imm_in[16]' of hierarchical cell 'ID_EX' has no internal loads and is not connected to any nets. (LINT-60)
Warning: In design 'mp4', input pin 'u_imm_in[15]' of hierarchical cell 'ID_EX' has no internal loads and is not connected to any nets. (LINT-60)
Warning: In design 'mp4', input pin 'u_imm_in[14]' of hierarchical cell 'ID_EX' has no internal loads and is not connected to any nets. (LINT-60)
Warning: In design 'mp4', input pin 'u_imm_in[13]' of hierarchical cell 'ID_EX' has no internal loads and is not connected to any nets. (LINT-60)
Warning: In design 'mp4', input pin 'u_imm_in[12]' of hierarchical cell 'ID_EX' has no internal loads and is not connected to any nets. (LINT-60)
Warning: In design 'mp4', input pin 'j_imm_in[31]' of hierarchical cell 'ID_EX' has no internal loads and is not connected to any nets. (LINT-60)
Warning: In design 'mp4', input pin 'j_imm_in[30]' of hierarchical cell 'ID_EX' has no internal loads and is not connected to any nets. (LINT-60)
Warning: In design 'mp4', input pin 'j_imm_in[29]' of hierarchical cell 'ID_EX' has no internal loads and is not connected to any nets. (LINT-60)
Warning: In design 'mp4', input pin 'j_imm_in[28]' of hierarchical cell 'ID_EX' has no internal loads and is not connected to any nets. (LINT-60)
Warning: In design 'mp4', input pin 'j_imm_in[27]' of hierarchical cell 'ID_EX' has no internal loads and is not connected to any nets. (LINT-60)
Warning: In design 'mp4', input pin 'j_imm_in[26]' of hierarchical cell 'ID_EX' has no internal loads and is not connected to any nets. (LINT-60)
Warning: In design 'mp4', input pin 'j_imm_in[25]' of hierarchical cell 'ID_EX' has no internal loads and is not connected to any nets. (LINT-60)
Warning: In design 'mp4', input pin 'j_imm_in[24]' of hierarchical cell 'ID_EX' has no internal loads and is not connected to any nets. (LINT-60)
Warning: In design 'mp4', input pin 'j_imm_in[23]' of hierarchical cell 'ID_EX' has no internal loads and is not connected to any nets. (LINT-60)
Warning: In design 'mp4', input pin 'j_imm_in[22]' of hierarchical cell 'ID_EX' has no internal loads and is not connected to any nets. (LINT-60)
Warning: In design 'mp4', input pin 'j_imm_in[21]' of hierarchical cell 'ID_EX' has no internal loads and is not connected to any nets. (LINT-60)
Warning: In design 'mp4', input pin 'j_imm_in[14]' of hierarchical cell 'ID_EX' has no internal loads and is not connected to any nets. (LINT-60)
Warning: In design 'mp4', input pin 'j_imm_in[13]' of hierarchical cell 'ID_EX' has no internal loads and is not connected to any nets. (LINT-60)
Warning: In design 'mp4', input pin 'j_imm_in[12]' of hierarchical cell 'ID_EX' has no internal loads and is not connected to any nets. (LINT-60)
Warning: In design 'mp4', input pin 'cntrl_word_in[cmpmux2_sel][1]' of hierarchical cell 'EXECUTE' has no internal loads and is not connected to any nets. (LINT-60)
Warning: In design 'mp4', input pin 'cntrl_word_in[alumux1_sel][1]' of hierarchical cell 'EXECUTE' has no internal loads and is not connected to any nets. (LINT-60)
Warning: In design 'mp4', input pin 'b_imm_in[0]' of hierarchical cell 'EXECUTE' has no internal loads and is not connected to any nets. (LINT-60)
Warning: In design 'mp4', input pin 'u_imm_in[11]' of hierarchical cell 'EXECUTE' has no internal loads and is not connected to any nets. (LINT-60)
Warning: In design 'mp4', input pin 'u_imm_in[10]' of hierarchical cell 'EXECUTE' has no internal loads and is not connected to any nets. (LINT-60)
Warning: In design 'mp4', input pin 'u_imm_in[9]' of hierarchical cell 'EXECUTE' has no internal loads and is not connected to any nets. (LINT-60)
Warning: In design 'mp4', input pin 'u_imm_in[8]' of hierarchical cell 'EXECUTE' has no internal loads and is not connected to any nets. (LINT-60)
Warning: In design 'mp4', input pin 'u_imm_in[7]' of hierarchical cell 'EXECUTE' has no internal loads and is not connected to any nets. (LINT-60)
Warning: In design 'mp4', input pin 'u_imm_in[6]' of hierarchical cell 'EXECUTE' has no internal loads and is not connected to any nets. (LINT-60)
Warning: In design 'mp4', input pin 'u_imm_in[5]' of hierarchical cell 'EXECUTE' has no internal loads and is not connected to any nets. (LINT-60)
Warning: In design 'mp4', input pin 'u_imm_in[4]' of hierarchical cell 'EXECUTE' has no internal loads and is not connected to any nets. (LINT-60)
Warning: In design 'mp4', input pin 'u_imm_in[3]' of hierarchical cell 'EXECUTE' has no internal loads and is not connected to any nets. (LINT-60)
Warning: In design 'mp4', input pin 'u_imm_in[2]' of hierarchical cell 'EXECUTE' has no internal loads and is not connected to any nets. (LINT-60)
Warning: In design 'mp4', input pin 'u_imm_in[1]' of hierarchical cell 'EXECUTE' has no internal loads and is not connected to any nets. (LINT-60)
Warning: In design 'mp4', input pin 'u_imm_in[0]' of hierarchical cell 'EXECUTE' has no internal loads and is not connected to any nets. (LINT-60)
Warning: In design 'mp4', input pin 'j_imm_in[30]' of hierarchical cell 'EXECUTE' has no internal loads and is not connected to any nets. (LINT-60)
Warning: In design 'mp4', input pin 'j_imm_in[28]' of hierarchical cell 'EXECUTE' has no internal loads and is not connected to any nets. (LINT-60)
Warning: In design 'mp4', input pin 'j_imm_in[26]' of hierarchical cell 'EXECUTE' has no internal loads and is not connected to any nets. (LINT-60)
Warning: In design 'mp4', input pin 'j_imm_in[24]' of hierarchical cell 'EXECUTE' has no internal loads and is not connected to any nets. (LINT-60)
Warning: In design 'mp4', input pin 'j_imm_in[22]' of hierarchical cell 'EXECUTE' has no internal loads and is not connected to any nets. (LINT-60)
Warning: In design 'mp4', input pin 'j_imm_in[0]' of hierarchical cell 'EXECUTE' has no internal loads and is not connected to any nets. (LINT-60)
Warning: In design 'mp4', input pin 'funct3_in[2]' of hierarchical cell 'EXECUTE' has no internal loads and is not connected to any nets. (LINT-60)
Warning: In design 'mp4', input pin 'funct3_in[1]' of hierarchical cell 'EXECUTE' has no internal loads and is not connected to any nets. (LINT-60)
Warning: In design 'mp4', input pin 'funct3_in[0]' of hierarchical cell 'EXECUTE' has no internal loads and is not connected to any nets. (LINT-60)
Warning: In design 'mp4', input pin 'u_imm_in[11]' of hierarchical cell 'EX_MEM' has no internal loads and is not connected to any nets. (LINT-60)
Warning: In design 'mp4', input pin 'u_imm_in[10]' of hierarchical cell 'EX_MEM' has no internal loads and is not connected to any nets. (LINT-60)
Warning: In design 'mp4', input pin 'u_imm_in[9]' of hierarchical cell 'EX_MEM' has no internal loads and is not connected to any nets. (LINT-60)
Warning: In design 'mp4', input pin 'u_imm_in[8]' of hierarchical cell 'EX_MEM' has no internal loads and is not connected to any nets. (LINT-60)
Warning: In design 'mp4', input pin 'u_imm_in[7]' of hierarchical cell 'EX_MEM' has no internal loads and is not connected to any nets. (LINT-60)
Warning: In design 'mp4', input pin 'u_imm_in[6]' of hierarchical cell 'EX_MEM' has no internal loads and is not connected to any nets. (LINT-60)
Warning: In design 'mp4', input pin 'u_imm_in[5]' of hierarchical cell 'EX_MEM' has no internal loads and is not connected to any nets. (LINT-60)
Warning: In design 'mp4', input pin 'u_imm_in[4]' of hierarchical cell 'EX_MEM' has no internal loads and is not connected to any nets. (LINT-60)
Warning: In design 'mp4', input pin 'u_imm_in[3]' of hierarchical cell 'EX_MEM' has no internal loads and is not connected to any nets. (LINT-60)
Warning: In design 'mp4', input pin 'u_imm_in[2]' of hierarchical cell 'EX_MEM' has no internal loads and is not connected to any nets. (LINT-60)
Warning: In design 'mp4', input pin 'u_imm_in[1]' of hierarchical cell 'EX_MEM' has no internal loads and is not connected to any nets. (LINT-60)
Warning: In design 'mp4', input pin 'u_imm_in[0]' of hierarchical cell 'EX_MEM' has no internal loads and is not connected to any nets. (LINT-60)
Warning: In design 'mp4', input pin 'cntrl_word_in[aluop][2]' of hierarchical cell 'EX_MEM' has no internal loads and is not connected to any nets. (LINT-60)
Warning: In design 'mp4', input pin 'cntrl_word_in[aluop][1]' of hierarchical cell 'EX_MEM' has no internal loads and is not connected to any nets. (LINT-60)
Warning: In design 'mp4', input pin 'cntrl_word_in[aluop][0]' of hierarchical cell 'EX_MEM' has no internal loads and is not connected to any nets. (LINT-60)
Warning: In design 'mp4', input pin 'cntrl_word_in[cmpop][2]' of hierarchical cell 'EX_MEM' has no internal loads and is not connected to any nets. (LINT-60)
Warning: In design 'mp4', input pin 'cntrl_word_in[cmpop][1]' of hierarchical cell 'EX_MEM' has no internal loads and is not connected to any nets. (LINT-60)
Warning: In design 'mp4', input pin 'cntrl_word_in[cmpop][0]' of hierarchical cell 'EX_MEM' has no internal loads and is not connected to any nets. (LINT-60)
Warning: In design 'mp4', input pin 'cntrl_word_in[cmpmux2_sel][1]' of hierarchical cell 'EX_MEM' has no internal loads and is not connected to any nets. (LINT-60)
Warning: In design 'mp4', input pin 'cntrl_word_in[cmpmux2_sel][0]' of hierarchical cell 'EX_MEM' has no internal loads and is not connected to any nets. (LINT-60)
Warning: In design 'mp4', input pin 'cntrl_word_in[alumux1_sel][1]' of hierarchical cell 'EX_MEM' has no internal loads and is not connected to any nets. (LINT-60)
Warning: In design 'mp4', input pin 'cntrl_word_in[alumux1_sel][0]' of hierarchical cell 'EX_MEM' has no internal loads and is not connected to any nets. (LINT-60)
Warning: In design 'mp4', input pin 'cntrl_word_in[alumux2_sel][2]' of hierarchical cell 'EX_MEM' has no internal loads and is not connected to any nets. (LINT-60)
Warning: In design 'mp4', input pin 'cntrl_word_in[alumux2_sel][1]' of hierarchical cell 'EX_MEM' has no internal loads and is not connected to any nets. (LINT-60)
Warning: In design 'mp4', input pin 'cntrl_word_in[alumux2_sel][0]' of hierarchical cell 'EX_MEM' has no internal loads and is not connected to any nets. (LINT-60)
Warning: In design 'mp4', input pin 'cntrl_word_in[opcode][6]' of hierarchical cell 'EX_MEM' has no internal loads and is not connected to any nets. (LINT-60)
Warning: In design 'mp4', input pin 'cntrl_word_in[opcode][5]' of hierarchical cell 'EX_MEM' has no internal loads and is not connected to any nets. (LINT-60)
Warning: In design 'mp4', input pin 'cntrl_word_in[opcode][4]' of hierarchical cell 'EX_MEM' has no internal loads and is not connected to any nets. (LINT-60)
Warning: In design 'mp4', input pin 'cntrl_word_in[opcode][3]' of hierarchical cell 'EX_MEM' has no internal loads and is not connected to any nets. (LINT-60)
Warning: In design 'mp4', input pin 'cntrl_word_in[opcode][2]' of hierarchical cell 'EX_MEM' has no internal loads and is not connected to any nets. (LINT-60)
Warning: In design 'mp4', input pin 'cntrl_word_in[opcode][1]' of hierarchical cell 'EX_MEM' has no internal loads and is not connected to any nets. (LINT-60)
Warning: In design 'mp4', input pin 'cntrl_word_in[opcode][0]' of hierarchical cell 'EX_MEM' has no internal loads and is not connected to any nets. (LINT-60)
Warning: In design 'mp4', input pin 'funct3_in[2]' of hierarchical cell 'EX_MEM' has no internal loads and is not connected to any nets. (LINT-60)
Warning: In design 'mp4', input pin 'funct3_in[1]' of hierarchical cell 'EX_MEM' has no internal loads and is not connected to any nets. (LINT-60)
Warning: In design 'mp4', input pin 'funct3_in[0]' of hierarchical cell 'EX_MEM' has no internal loads and is not connected to any nets. (LINT-60)
Warning: In design 'mp4', input pin 'u_imm_in[11]' of hierarchical cell 'MEM_STAGE' has no internal loads and is not connected to any nets. (LINT-60)
Warning: In design 'mp4', input pin 'u_imm_in[10]' of hierarchical cell 'MEM_STAGE' has no internal loads and is not connected to any nets. (LINT-60)
Warning: In design 'mp4', input pin 'u_imm_in[9]' of hierarchical cell 'MEM_STAGE' has no internal loads and is not connected to any nets. (LINT-60)
Warning: In design 'mp4', input pin 'u_imm_in[8]' of hierarchical cell 'MEM_STAGE' has no internal loads and is not connected to any nets. (LINT-60)
Warning: In design 'mp4', input pin 'u_imm_in[7]' of hierarchical cell 'MEM_STAGE' has no internal loads and is not connected to any nets. (LINT-60)
Warning: In design 'mp4', input pin 'u_imm_in[6]' of hierarchical cell 'MEM_STAGE' has no internal loads and is not connected to any nets. (LINT-60)
Warning: In design 'mp4', input pin 'u_imm_in[5]' of hierarchical cell 'MEM_STAGE' has no internal loads and is not connected to any nets. (LINT-60)
Warning: In design 'mp4', input pin 'u_imm_in[4]' of hierarchical cell 'MEM_STAGE' has no internal loads and is not connected to any nets. (LINT-60)
Warning: In design 'mp4', input pin 'u_imm_in[3]' of hierarchical cell 'MEM_STAGE' has no internal loads and is not connected to any nets. (LINT-60)
Warning: In design 'mp4', input pin 'u_imm_in[2]' of hierarchical cell 'MEM_STAGE' has no internal loads and is not connected to any nets. (LINT-60)
Warning: In design 'mp4', input pin 'u_imm_in[1]' of hierarchical cell 'MEM_STAGE' has no internal loads and is not connected to any nets. (LINT-60)
Warning: In design 'mp4', input pin 'u_imm_in[0]' of hierarchical cell 'MEM_STAGE' has no internal loads and is not connected to any nets. (LINT-60)
Warning: In design 'mp4', input pin 'u_imm_in[11]' of hierarchical cell 'MEM_WB' has no internal loads and is not connected to any nets. (LINT-60)
Warning: In design 'mp4', input pin 'u_imm_in[10]' of hierarchical cell 'MEM_WB' has no internal loads and is not connected to any nets. (LINT-60)
Warning: In design 'mp4', input pin 'u_imm_in[9]' of hierarchical cell 'MEM_WB' has no internal loads and is not connected to any nets. (LINT-60)
Warning: In design 'mp4', input pin 'u_imm_in[8]' of hierarchical cell 'MEM_WB' has no internal loads and is not connected to any nets. (LINT-60)
Warning: In design 'mp4', input pin 'u_imm_in[7]' of hierarchical cell 'MEM_WB' has no internal loads and is not connected to any nets. (LINT-60)
Warning: In design 'mp4', input pin 'u_imm_in[6]' of hierarchical cell 'MEM_WB' has no internal loads and is not connected to any nets. (LINT-60)
Warning: In design 'mp4', input pin 'u_imm_in[5]' of hierarchical cell 'MEM_WB' has no internal loads and is not connected to any nets. (LINT-60)
Warning: In design 'mp4', input pin 'u_imm_in[4]' of hierarchical cell 'MEM_WB' has no internal loads and is not connected to any nets. (LINT-60)
Warning: In design 'mp4', input pin 'u_imm_in[3]' of hierarchical cell 'MEM_WB' has no internal loads and is not connected to any nets. (LINT-60)
Warning: In design 'mp4', input pin 'u_imm_in[2]' of hierarchical cell 'MEM_WB' has no internal loads and is not connected to any nets. (LINT-60)
Warning: In design 'mp4', input pin 'u_imm_in[1]' of hierarchical cell 'MEM_WB' has no internal loads and is not connected to any nets. (LINT-60)
Warning: In design 'mp4', input pin 'u_imm_in[0]' of hierarchical cell 'MEM_WB' has no internal loads and is not connected to any nets. (LINT-60)
Warning: In design 'mp4', input pin 'u_imm_preg[11]' of hierarchical cell 'WB_STAGE' has no internal loads and is not connected to any nets. (LINT-60)
Warning: In design 'mp4', input pin 'u_imm_preg[10]' of hierarchical cell 'WB_STAGE' has no internal loads and is not connected to any nets. (LINT-60)
Warning: In design 'mp4', input pin 'u_imm_preg[9]' of hierarchical cell 'WB_STAGE' has no internal loads and is not connected to any nets. (LINT-60)
Warning: In design 'mp4', input pin 'u_imm_preg[8]' of hierarchical cell 'WB_STAGE' has no internal loads and is not connected to any nets. (LINT-60)
Warning: In design 'mp4', input pin 'u_imm_preg[7]' of hierarchical cell 'WB_STAGE' has no internal loads and is not connected to any nets. (LINT-60)
Warning: In design 'mp4', input pin 'u_imm_preg[6]' of hierarchical cell 'WB_STAGE' has no internal loads and is not connected to any nets. (LINT-60)
Warning: In design 'mp4', input pin 'u_imm_preg[5]' of hierarchical cell 'WB_STAGE' has no internal loads and is not connected to any nets. (LINT-60)
Warning: In design 'mp4', input pin 'u_imm_preg[4]' of hierarchical cell 'WB_STAGE' has no internal loads and is not connected to any nets. (LINT-60)
Warning: In design 'mp4', input pin 'u_imm_preg[3]' of hierarchical cell 'WB_STAGE' has no internal loads and is not connected to any nets. (LINT-60)
Warning: In design 'mp4', input pin 'u_imm_preg[2]' of hierarchical cell 'WB_STAGE' has no internal loads and is not connected to any nets. (LINT-60)
Warning: In design 'mp4', input pin 'u_imm_preg[1]' of hierarchical cell 'WB_STAGE' has no internal loads and is not connected to any nets. (LINT-60)
Warning: In design 'mp4', input pin 'u_imm_preg[0]' of hierarchical cell 'WB_STAGE' has no internal loads and is not connected to any nets. (LINT-60)
Warning: In design 'mp4', input pin 'control_word_IdEx[cmpmux2_sel][1]' of hierarchical cell 'FWD_UNIT' has no internal loads and is not connected to any nets. (LINT-60)
Warning: In design 'mp4', input pin 'control_word_IdEx[alumux1_sel][1]' of hierarchical cell 'FWD_UNIT' has no internal loads and is not connected to any nets. (LINT-60)
Warning: In design 'twowayl1_cache_1', input pin 'read' of hierarchical cell 'L1_control' has no internal loads and is not connected to any nets. (LINT-60)
Warning: In design 'twowayl1_cache_1', input pin 'Dirty1_out' of hierarchical cell 'L1_control' has no internal loads and is not connected to any nets. (LINT-60)
Warning: In design 'twowayl1_cache_1', input pin 'Dirty2_out' of hierarchical cell 'L1_control' has no internal loads and is not connected to any nets. (LINT-60)
Warning: In design 'twowayl1_cache_1', input pin 'Dirty1_in' of hierarchical cell 'L1_datapath' has no internal loads and is not connected to any nets. (LINT-60)
Warning: In design 'twowayl1_cache_1', input pin 'Dirty2_in' of hierarchical cell 'L1_datapath' has no internal loads and is not connected to any nets. (LINT-60)
Warning: In design 'twowayl1_cache_1', input pin 'valid_1_in' of hierarchical cell 'L1_datapath' has no internal loads and is not connected to any nets. (LINT-60)
Warning: In design 'twowayl1_cache_1', input pin 'valid_2_in' of hierarchical cell 'L1_datapath' has no internal loads and is not connected to any nets. (LINT-60)
Warning: In design 'twowayl1_cache_1', input pin 'Dirty1_load' of hierarchical cell 'L1_datapath' has no internal loads and is not connected to any nets. (LINT-60)
Warning: In design 'twowayl1_cache_1', input pin 'Dirty2_load' of hierarchical cell 'L1_datapath' has no internal loads and is not connected to any nets. (LINT-60)
Warning: In design 'twowayl1_cache_1', input pin 'write_sel_way_1[1]' of hierarchical cell 'L1_datapath' has no internal loads and is not connected to any nets. (LINT-60)
Warning: In design 'twowayl1_cache_1', input pin 'write_sel_way_2[1]' of hierarchical cell 'L1_datapath' has no internal loads and is not connected to any nets. (LINT-60)
Warning: In design 'twowayl1_cache_1', input pin 'new_address_sel_BAR' of hierarchical cell 'L1_datapath' has no internal loads and is not connected to any nets. (LINT-60)
Warning: In design 'twowayl1_cache_1', input pin 'which_tag' of hierarchical cell 'L1_datapath' has no internal loads and is not connected to any nets. (LINT-60)
Warning: In design 'twowayl1_cache_1', input pin 'mem_byte_enable256[31]' of hierarchical cell 'L1_datapath' has no internal loads and is not connected to any nets. (LINT-60)
Warning: In design 'twowayl1_cache_1', input pin 'mem_byte_enable256[30]' of hierarchical cell 'L1_datapath' has no internal loads and is not connected to any nets. (LINT-60)
Warning: In design 'twowayl1_cache_1', input pin 'mem_byte_enable256[29]' of hierarchical cell 'L1_datapath' has no internal loads and is not connected to any nets. (LINT-60)
Warning: In design 'twowayl1_cache_1', input pin 'mem_byte_enable256[28]' of hierarchical cell 'L1_datapath' has no internal loads and is not connected to any nets. (LINT-60)
Warning: In design 'twowayl1_cache_1', input pin 'mem_byte_enable256[27]' of hierarchical cell 'L1_datapath' has no internal loads and is not connected to any nets. (LINT-60)
Warning: In design 'twowayl1_cache_1', input pin 'mem_byte_enable256[26]' of hierarchical cell 'L1_datapath' has no internal loads and is not connected to any nets. (LINT-60)
Warning: In design 'twowayl1_cache_1', input pin 'mem_byte_enable256[25]' of hierarchical cell 'L1_datapath' has no internal loads and is not connected to any nets. (LINT-60)
Warning: In design 'twowayl1_cache_1', input pin 'mem_byte_enable256[24]' of hierarchical cell 'L1_datapath' has no internal loads and is not connected to any nets. (LINT-60)
Warning: In design 'twowayl1_cache_1', input pin 'mem_byte_enable256[23]' of hierarchical cell 'L1_datapath' has no internal loads and is not connected to any nets. (LINT-60)
Warning: In design 'twowayl1_cache_1', input pin 'mem_byte_enable256[22]' of hierarchical cell 'L1_datapath' has no internal loads and is not connected to any nets. (LINT-60)
Warning: In design 'twowayl1_cache_1', input pin 'mem_byte_enable256[21]' of hierarchical cell 'L1_datapath' has no internal loads and is not connected to any nets. (LINT-60)
Warning: In design 'twowayl1_cache_1', input pin 'mem_byte_enable256[20]' of hierarchical cell 'L1_datapath' has no internal loads and is not connected to any nets. (LINT-60)
Warning: In design 'twowayl1_cache_1', input pin 'mem_byte_enable256[19]' of hierarchical cell 'L1_datapath' has no internal loads and is not connected to any nets. (LINT-60)
Warning: In design 'twowayl1_cache_1', input pin 'mem_byte_enable256[18]' of hierarchical cell 'L1_datapath' has no internal loads and is not connected to any nets. (LINT-60)
Warning: In design 'twowayl1_cache_1', input pin 'mem_byte_enable256[17]' of hierarchical cell 'L1_datapath' has no internal loads and is not connected to any nets. (LINT-60)
Warning: In design 'twowayl1_cache_1', input pin 'mem_byte_enable256[16]' of hierarchical cell 'L1_datapath' has no internal loads and is not connected to any nets. (LINT-60)
Warning: In design 'twowayl1_cache_1', input pin 'mem_byte_enable256[15]' of hierarchical cell 'L1_datapath' has no internal loads and is not connected to any nets. (LINT-60)
Warning: In design 'twowayl1_cache_1', input pin 'mem_byte_enable256[14]' of hierarchical cell 'L1_datapath' has no internal loads and is not connected to any nets. (LINT-60)
Warning: In design 'twowayl1_cache_1', input pin 'mem_byte_enable256[13]' of hierarchical cell 'L1_datapath' has no internal loads and is not connected to any nets. (LINT-60)
Warning: In design 'twowayl1_cache_1', input pin 'mem_byte_enable256[12]' of hierarchical cell 'L1_datapath' has no internal loads and is not connected to any nets. (LINT-60)
Warning: In design 'twowayl1_cache_1', input pin 'mem_byte_enable256[11]' of hierarchical cell 'L1_datapath' has no internal loads and is not connected to any nets. (LINT-60)
Warning: In design 'twowayl1_cache_1', input pin 'mem_byte_enable256[10]' of hierarchical cell 'L1_datapath' has no internal loads and is not connected to any nets. (LINT-60)
Warning: In design 'twowayl1_cache_1', input pin 'mem_byte_enable256[9]' of hierarchical cell 'L1_datapath' has no internal loads and is not connected to any nets. (LINT-60)
Warning: In design 'twowayl1_cache_1', input pin 'mem_byte_enable256[8]' of hierarchical cell 'L1_datapath' has no internal loads and is not connected to any nets. (LINT-60)
Warning: In design 'twowayl1_cache_1', input pin 'mem_byte_enable256[7]' of hierarchical cell 'L1_datapath' has no internal loads and is not connected to any nets. (LINT-60)
Warning: In design 'twowayl1_cache_1', input pin 'mem_byte_enable256[6]' of hierarchical cell 'L1_datapath' has no internal loads and is not connected to any nets. (LINT-60)
Warning: In design 'twowayl1_cache_1', input pin 'mem_byte_enable256[5]' of hierarchical cell 'L1_datapath' has no internal loads and is not connected to any nets. (LINT-60)
Warning: In design 'twowayl1_cache_1', input pin 'mem_byte_enable256[4]' of hierarchical cell 'L1_datapath' has no internal loads and is not connected to any nets. (LINT-60)
Warning: In design 'twowayl1_cache_1', input pin 'mem_byte_enable256[3]' of hierarchical cell 'L1_datapath' has no internal loads and is not connected to any nets. (LINT-60)
Warning: In design 'twowayl1_cache_1', input pin 'mem_byte_enable256[2]' of hierarchical cell 'L1_datapath' has no internal loads and is not connected to any nets. (LINT-60)
Warning: In design 'twowayl1_cache_1', input pin 'mem_byte_enable256[1]' of hierarchical cell 'L1_datapath' has no internal loads and is not connected to any nets. (LINT-60)
Warning: In design 'twowayl1_cache_1', input pin 'mem_byte_enable256[0]' of hierarchical cell 'L1_datapath' has no internal loads and is not connected to any nets. (LINT-60)
1
